%!Adobe-FontList 1.18
%Locale:0x419

%BeginFont
Handler:DirectoryHandler
FontType:Invalid
OutlineFileName:D:\Design\Parseclabs\Alice\верстка\Font\hinted-Rogan-ExtraBold.eot
FileModTime:1519186226
%EndFont

%BeginFont
Handler:DirectoryHandler
FontType:Invalid
OutlineFileName:D:\Design\Parseclabs\Alice\верстка\Font\hinted-Rogan-ExtraBold.svg
FileModTime:1519186228
%EndFont

%BeginFont
Handler:DirectoryHandler
FontType:TrueType
FontName:Rogan-ExtraBold
FamilyName:Rogan
StyleName:ExtraBold
FullName:Rogan-ExtraBold
MenuName:Rogan
StyleBits:0
WritingScript:Roman
OutlineFileName:D:\Design\Parseclabs\Alice\верстка\Font\hinted-Rogan-ExtraBold.ttf
DataFormat:sfntData
hasSVG:no
FileLength:185632
FileModTime:1519186226
WeightClass:800
WidthClass:5
AngleClass:0
NameArray:0,Mac,18,Rogan ExtraBold
NameArray:0,Mac,4,Rogan-ExtraBold
NameArray:0,Win,1,Rogan
%EndFont

%BeginFont
Handler:DirectoryHandler
FontType:Invalid
OutlineFileName:D:\Design\Parseclabs\Alice\верстка\Font\hinted-Rogan-ExtraBold.woff
FileModTime:1519186226
%EndFont

%BeginFont
Handler:DirectoryHandler
FontType:Invalid
OutlineFileName:D:\Design\Parseclabs\Alice\верстка\Font\hinted-Rogan-ExtraBold.woff2
FileModTime:1519186228
%EndFont

%BeginFont
Handler:DirectoryHandler
FontType:Invalid
OutlineFileName:D:\Design\Parseclabs\Alice\верстка\Font\hinted-Rogan-Regular.eot
FileModTime:1519186226
%EndFont

%BeginFont
Handler:DirectoryHandler
FontType:Invalid
OutlineFileName:D:\Design\Parseclabs\Alice\верстка\Font\hinted-Rogan-Regular.svg
FileModTime:1519186226
%EndFont

%BeginFont
Handler:DirectoryHandler
FontType:TrueType
FontName:Rogan-Regular
FamilyName:Rogan
StyleName:Regular
FullName:Rogan-Regular
MenuName:Rogan
StyleBits:0
WritingScript:Roman
OutlineFileName:D:\Design\Parseclabs\Alice\верстка\Font\hinted-Rogan-Regular.ttf
DataFormat:sfntData
hasSVG:no
FileLength:187252
FileModTime:1519186226
WeightClass:400
WidthClass:5
AngleClass:0
NameArray:0,Mac,18,Rogan Regular
NameArray:0,Mac,4,Rogan-Regular
NameArray:0,Win,1,Rogan
%EndFont

%BeginFont
Handler:DirectoryHandler
FontType:Invalid
OutlineFileName:D:\Design\Parseclabs\Alice\верстка\Font\hinted-Rogan-Regular.woff
FileModTime:1519186226
%EndFont

%BeginFont
Handler:DirectoryHandler
FontType:Invalid
OutlineFileName:D:\Design\Parseclabs\Alice\верстка\Font\hinted-Rogan-Regular.woff2
FileModTime:1519186226
%EndFont

%BeginFont
Handler:DirectoryHandler
FontType:Invalid
OutlineFileName:D:\Design\Parseclabs\Alice\верстка\Font\stylesheet.css
FileModTime:1519186228
%EndFont

